---
source: crates/cadder-client/src/tui.rs
expression: terminal.backend()
---
" Cadder v1.0.0                        Cadder: connecting   | Caddy: -           "
"  Domains  |  Status  |  Logs                                                   "
"┌──────────────────────────────────────────────────────────────────────────────┐"
"│      Entrypoint / domain                                             Upstream│"
"│                                                                              │"
"│                                                                              │"
"│                                                                              │"
"│                                                                              │"
"│                                                                              │"
"│                                                                              │"
"│                                                                              │"
"│                                                                              │"
"│                                                                              │"
"│                                                                              │"
"│                                                                              │"
"│                                                                              │"
"│                                                                              │"
"│                                                                              │"
"│                                                                              │"
"│                                                                              │"
"│                                                                              │"
"│                                                                              │"
"└──────────────────────────────────────────────────────────────────────────────┘"
"Tab/Left/Right switch view  Up/Down select row  Space request toggle  Enter deta"
